  --> ./tests/error_redeclared.in:2:5, ./tests/error_redeclared.in:1:5 => CompilerError
1 | let a = 123
  |     ^
  |     └─ Already declared here
2 | let a = 123
  |     ^
  |     └─ Redeclared variable: a